Testing player_features import...
SUCCESS: player_features imported

Testing team_features import...
SUCCESS: team_features imported

Testing match_features import...
SUCCESS: match_features imported
